// Jest Snapshot v1, https://goo.gl/fbAQLP

exports[`<Academy /> should render a StickyWrap 1`] = `
<StickyFooter__StickyWrap>
  <StickyFooter__StickyTop>
    <ComponentWithScrollPosition />
    <Section
      bgColor="rgb(229, 0, 81)"
      direction="column"
      first={true}
    >
      <LandingCard
        color="#fff"
        flexorder={2}
        src="IMAGE_MOCK"
      >
        <Heading__H1
          color="#fff"
          margin="0"
        >
          Che cos’è?
        </Heading__H1>
        <p>
          Itaca è una corso di grammatica basato sull’apprendimento per padronanza o 
          <strong>
            “Mastery Learning”
          </strong>
          . Il docente non assegna un compito, bensì un obiettivo comune a tutta la classe, ad esempio “I pronomi personali”. Gli studenti sono tenuti a completare tutte le lezioni pratiche comprese nell’unità, ma la mole di esercizi che toccherà loro varierà in base al numero degli errori compiuti nel corso delle lezioni.
        </p>
        <p>
          In ogni lezione pratica, lo studente è tenuto a rispondere correttamente a 12 domande; ogni volta che sbaglia, gli viene posta una nuova domanda; in coda, per chiudere la lezione, dovrà correggere tutte le domande che ha sbagliato. Completando la prima lezione, lo studente sblocca quella successiva, per poi raggiungere l’obiettivo.
        </p>
      </LandingCard>
      <Container
        color="#fff"
      >
        <Heading__H1
          color="#fff"
          margin="0"
        >
          Perché provare Itaca?
        </Heading__H1>
        <p>
          Da sempre il Mastery Learning si scontra con le difficoltà dei docenti di compensare gli squilibri di una classe con compiti mirati al singolo studente. Itaca è pensata per offrire al docente la possibilità di superare questa impasse.
        </p>
        <p>
          Monitorando minuziosamente ogni studente, Itaca è in grado di ponderare automaticamente il suo carico di lavoro, fino a fargli raggiungere il traguardo fissato. Al tempo stesso, Itaca riporta al docente le difficoltà incontrate dalla classe nel raggiungimento dei singoli traguardi, offrendo ottimi spunti anche per la lezione frontale.
        </p>
        <p>
          È possibile utilizzare le lezioni di Itaca sia come attività di pratica e consolidamento dell’argomento appena trattato in classe, indicando quest’ultimo come traguardo da superare per la volta successiva, sia come prologo dell’argomento non ancora affrontato in classe, proprio a partire dagli errori più frequenti che la classe ha commesso a casa. Itaca è uno strumento ideale per il potenziamento e per il recupero.
        </p>
      </Container>
    </Section>
    <Section
      bgColor="#F2F2F2"
    >
      <Container>
        <Heading__H2
          color="rgb(229, 0, 81)"
          margin="0"
        >
          Struttura del corso
        </Heading__H2>
        <p>
          Itaca è organizzata in 
          <strong>
            78 unità
          </strong>
           (obiettivi di apprendimento), scandite in 
          <strong>
            13 missioni
          </strong>
          , raggruppate a loro volta in 
          <strong>
            8 livelli
          </strong>
          . Ogni unità (es. «Verbi transitivi e intransitivi») contiene due lezioni pratiche, in cui lo studente affronta esercizi di individuazione, analisi, trasformazione e composizione.
        </p>
        <RespImg__DesktopImage
          src="IMAGE_MOCK"
        />
        <RespImg__MobileImage
          src="IMAGE_MOCK"
        />
        <Heading__H2
          color="rgb(229, 0, 81)"
          margin="0"
        >
          Le lezioni pratiche
        </Heading__H2>
        <p>
          In ogni lezione pratica, lo studente è tenuto a svolgere correttamente 12 esercizi; ogni volta che sbaglia, Itaca gli somministra un nuovo esercizio. In coda, per chiudere la lezione, dovrà correggere tutti gli esercizi che ha sbagliato. Completando la prima lezione, lo studente sblocca quella successiva, per poi raggiungere l’obiettivo.
        </p>
        <RespImg__DesktopImage
          src="IMAGE_MOCK"
        />
        <RespImg__MobileImage
          src="IMAGE_MOCK"
        />
        <Heading__H2
          color="rgb(229, 0, 81)"
          margin="0"
        >
          La valutazione degli obiettivi
        </Heading__H2>
        <p>
          Per ogni unità il docente ha a disposizione un tasto “Andamento” che gli consente di monitorare in tempo reale, su tre indici, il comportamento della classe rispetto al lavoro assegnato. I tre indici rappresentati sono:
        </p>
        <ol>
          <li>
            grado di completamento dell’obiettivo;
          </li>
          <li>
            percentuale di errori sull’argomento;
          </li>
          <li>
            punteggio esperienza complessivo (XP) raggiunto in tutti gli obiettivi.
          </li>
        </ol>
        <RespImg__DesktopImage
          src="IMAGE_MOCK"
        />
        <RespImg__MobileImage
          src="IMAGE_MOCK"
        />
        <Heading__H2
          color="rgb(229, 0, 81)"
          margin="0"
        >
          Gli esercizi di riepilogo
        </Heading__H2>
        <p>
          Ogni missione è corredata di una sezione di esercizi di riepilogo, che verificano trasversalmente le unità affrontate nella missione.
        </p>
        <Heading__H2
          color="rgb(229, 0, 81)"
          margin="0"
        >
          Le verifiche: spunti per l’uso
        </Heading__H2>
        <p>
          Per ogni livello il docente può assemblare delle verifiche da somministrare online. Le verifiche possono avere un duplice utilizzo:
        </p>
        <Academy__Ul>
          <li>
            la 
            <strong>
              verifica sommativa
            </strong>
             (con valutazione): in questo caso la verifica viene composta dal docente sulla base delle unità già assegnate alla propria classe (cioè degli argomenti già affrontati), con le medesime tipologie di esercizi che i ragazzi trovano nel lavoro a casa. Le verifiche, a differenza degli obiettivi assegnati per casa, non hanno feedback immediato e non presentano la teoria in linea: solo chi si esercita costantemente a casa riuscirà a ottenere un buon risultato. In più gli esercizi sono uguali per tutti ma somministrati in ordine randomico, quindi è molto difficile copiare;
          </li>
          <li>
            il 
            <strong>
              placement test
            </strong>
             (test di livello): in questo caso la verifica viene composta dal docente sulla base di quel che intende testare, può trattarsi anche di un singolo argomento (il test sarà breve, per es. 10 minuti per testare la padronanza dei ragazzi sui pronomi indefiniti, direttamente in classe, ognuno sul proprio smartphone). I risultati in tempo reale, soprattutto se interfacciati con le percentuali di errore nazionali proposte sul cartaceo in apertura alle unità, danno subito un’idea dei punti di forza e delle lacune degli studenti.
          </li>
        </Academy__Ul>
      </Container>
    </Section>
    <Section
      bgColor="#F2F2F2"
      padding="0 50px 50px"
      paddingmobile="0 20px 30px"
    >
      <Container
        align="center"
      >
        <ButtonLink__ActionButtonLink
          bgcolor="rgb(92, 164, 221)"
          sectionbutton={1}
          shadow={1}
          to="/contatti"
        >
          Scrivici per saperne di più
        </ButtonLink__ActionButtonLink>
      </Container>
    </Section>
  </StickyFooter__StickyTop>
  <StickyFooter__StickyBottom>
    <Footer />
  </StickyFooter__StickyBottom>
</StickyFooter__StickyWrap>
`;
