// Jest Snapshot v1, https://goo.gl/fbAQLP

exports[`<ConfirmPassword /> should render a CardForm 1`] = `
<FormElements__CardForm
  onSubmit={[Function]}
>
  <FormElements__FormElement
    margin="0 auto 36px"
  >
    <LogoPlatform
      formLogo={true}
      product="product"
    />
  </FormElements__FormElement>
  <Paragraph__Separator
    theme={
      Object {
        "light": "#C9E4FF",
      }
    }
  >
    <Paragraph__SeparatorText>
      Reimposta la tua password
    </Paragraph__SeparatorText>
  </Paragraph__Separator>
  <FormElements__FormElement>
    <Field
      component={[Function]}
      label="nuova password"
      name="password_new_1"
      type="password"
      validate={
        Array [
          [Function],
        ]
      }
    />
  </FormElements__FormElement>
  <FormElements__FormElement>
    <Field
      component={[Function]}
      label="ripeti nuova password"
      name="password_new_2"
      type="password"
      validate={
        Array [
          [Function],
        ]
      }
    />
  </FormElements__FormElement>
  <FormElements__FormElement>
    <Button
      actioncolor="okay"
      full={true}
      theme={
        Object {
          "brand": "#00BBEF",
          "fonts": Object {
            "buttons": Object {
              "fontFamily": "inherit",
              "fontWeight": "inherit",
            },
          },
          "radius": Object {
            "buttons": "6px",
          },
        }
      }
      type="submit"
    >
      Invia
    </Button>
  </FormElements__FormElement>
</FormElements__CardForm>
`;
